[www.miniorange.com/iam/content-library/index.html]
[backblue.gif]
[fade.gif]
[index.html]
[www.google.com/recaptcha/api.js]
[use.fontawesome.com/releases/v5.7.2/css/all.css]
[cdnjs.cloudflare.com/ajax/libs/font-awesome/4.7.0/css/font-awesome.min.css]
[www.miniorange.com/images/favicon.png]
[ajax.googleapis.com/ajax/libs/jquery/3.3.1/jquery.min.js]
[www.miniorange.com/images/success.png]
[www.miniorange.com/iam/content-library/admin-docs/manage-groups.html]
[www.miniorange.com/iam/content-library/admin-docs/branding-and-customization.html]
[www.miniorange.com/iam/content-library/datasheets.html]
[www.miniorange.com/images/free-trial/ajax-loader4.gif]
[www.miniorange.com/js/datasheet-popup.minf748.js]
[www.miniorange.com/js/jquery.min.js]
[maxcdn.bootstrapcdn.com/bootstrap/3.4.0/js/bootstrap.min.js]
[www.miniorange.com/js/bootstrap-scrollspy.min.js]
[www.miniorange.com/js/image-enlarge.min.js]
[www.miniorange.com/js/support-form.mincf1b.js]
[www.miniorange.com/js/responsive.min.js]
[www.miniorange.com/js/right_nav.min6a79.js]
[www.miniorange.com/js/bootstrap.min.js]
[www.miniorange.com/js/holder.min.js]
[www.miniorange.com/js/intlTelInput.min.js]
[www.miniorange.com/js/datasheet-popup.minac28.js]
[www.miniorange.com/iam/content-library/index.html]
[www.miniorange.com/css/bootstrap.minf24c.css]
[www.miniorange.com/css/normalise4963.css]
[www.miniorange.com/css/support.minac14.css]
[www.miniorange.com/images/flags16.png]
[www.miniorange.com/css/telephone62ea.css]
[www.miniorange.com/css/footer.min6a79.css]
[www.miniorange.com/css/products.min4b1d.css]
[www.miniorange.com/images/sprite.png]
[www.miniorange.com/images/header_bg.png]
[www.miniorange.com/images/ben_1.png]
[www.miniorange.com/images/sub_bullet.png]
[www.miniorange.com/images/seperator.png]
[www.miniorange.com/images/bullet_2.png]
[www.miniorange.com/images/bullet.png]
[www.miniorange.com/images/home_pattern.jpg]
[www.miniorange.com/images/contact-us-imgs/map.png]
[www.miniorange.com/images/pattern_light.png]
[www.miniorange.com/css/style.min0b5e.css]
[www.miniorange.com/css/doc.min53cf.css]
[www.miniorange.com/css/header.min6de8.css]
[www.miniorange.com/css/product-page.minef85.css]
[use.fontawesome.com/releases/v5.7.2/css/all.css]
[cdnjs.cloudflare.com/ajax/libs/font-awesome/4.7.0/css/font-awesome.min.css]
[www.googletagmanager.com/gtm5445.html]
[www.miniorange.com/css/iam.mind5f7.css]
[www.miniorange.com/iam/content-library/admin-docs/index.html]
[www.miniorange.com/images/header/miniorange-og-img.png]
[www.miniorange.com/iam/content-library/admin-docs/index-2.html]
[www.miniorange.com/iam/content-library/admin-docs/configure-app.html]
[www.miniorange.com/iam/content-library/admin-docs/how-to-add-saml-app.html]
[www.miniorange.com/iam/content-library/admin-docs/how-to-add-ws-fed-app.html]
[www.miniorange.com/iam/content-library/admin-docs/how-to-add-oauth-app.html]
[www.miniorange.com/iam/content-library/admin-docs/how-to-add-jwt-app.html]
[www.miniorange.com/iam/content-library/admin-docs/how-to-add-radius-app.html]
[www.miniorange.com/iam/content-library/admin-docs/how-to-add-desktop-app.html]
[www.miniorange.com/iam/content-library/admin-docs/how-to-add-browser-extension-app.html]
[www.miniorange.com/iam/content-library/admin-docs/how-to-add-passwordless-app.html]
[www.miniorange.com/iam/content-library/admin-docs/how-to-add-custom-app.html]
[www.miniorange.com/iam/content-library/admin-docs/configure-external-identity-providers.html]
[www.miniorange.com/iam/content-library/admin-docs/configure-external-directories.html]
[www.miniorange.com/iam/content-library/admin-docs/policies-overview.html]
[www.miniorange.com/iam/content-library/admin-docs/create-new-policy.html]
[www.miniorange.com/iam/content-library/admin-docs/edit-policy.html]
[www.miniorange.com/iam/content-library/admin-docs/how-to-assign-policy.html]
[www.miniorange.com/iam/content-library/admin-docs/restrict-apps-to-particular-users.html]
[www.miniorange.com/iam/content-library/admin-docs/delete-policy.html]
[www.miniorange.com/iam/content-library/admin-docs/customization-overview.html]
[www.miniorange.com/iam/content-library/admin-docs/enable-custom-domain.html]
[www.miniorange.com/iam/content-library/admin-docs/custom-email-gateway-configuration.html]
[www.miniorange.com/iam/content-library/admin-docs/custom-sms-gateway-configuration.html]
[www.miniorange.com/iam/content-library/admin-docs/otp-over-email-template.html]
[www.miniorange.com/iam/content-library/admin-docs/out-of-band-template.html]
[www.miniorange.com/iam/content-library/admin-docs/configure-multi-factor-authentication.html]
[www.miniorange.com/iam/content-library/admin-docs/configure-mfa-methods-for-admins.html]
[www.miniorange.com/iam/content-library/admin-docs/configure-mfa-methods-for-users.html]
[www.miniorange.com/iam/content-library/admin-docs/enable-mfa-for-self-service-console.html]
[www.miniorange.com/iam/content-library/admin-docs/configure-adaptive-authentication.html]
[www.miniorange.com/iam/content-library/admin-docs/setup-provisioning.html]
[www.miniorange.com/iam/content-library/admin-docs/manage-users.html]
[www.miniorange.com/iam/content-library/admin-docs/import-bulk-users.html]
[www.miniorange.com/iam/content-library/admin-docs/user-roles.html]
[www.miniorange.com/iam/content-library/admin-docs/user-profile-fields.html]
[www.miniorange.com/iam/content-library/admin-docs/view-locked-users.html]
[www.miniorange.com/iam/content-library/admin-docs/manage-shared-identity.html]
[www.miniorange.com/iam/content-library/admin-docs/group-custom-fields.html]
[www.miniorange.com/iam/content-library/admin-docs/group-membership-custom-fields.html]
[www.miniorange.com/iam/content-library/admin-docs/auto-assign-group-rules.html]
[www.miniorange.com/iam/content-library/admin-docs/idp-global-settings.html]
[www.miniorange.com/iam/content-library/admin-docs/enable-multi-language-support.html]
[www.miniorange.com/iam/content-library/admin-docs/customize-user-self-registration-page.html]
[www.miniorange.com/iam/content-library/admin-docs/reports.html]
[www.miniorange.com/iam/content-library/admin-docs/active-usage-report.html]
[www.miniorange.com/iam/content-library/admin-docs/sso-usage-report.html]
[www.miniorange.com/iam/content-library/admin-docs/user-login-report.html]
[www.miniorange.com/iam/content-library/admin-docs/radius-authentication-report.html]
[www.miniorange.com/iam/content-library/admin-docs/detailed-authentication-report.html]
[www.miniorange.com/iam/content-library/admin-docs/adaptive-authentication-report.html]
[www.miniorange.com/iam/content-library/admin-docs/user-devices-report.html]
[www.miniorange.com/iam/content-library/admin-docs/user-registration-report.html]
[www.miniorange.com/iam/content-library/admin-docs/provisioning-report.html]
[www.miniorange.com/iam/content-library/admin-docs/admin-activity-audit-report.html]
[www.miniorange.com/iam/content-library/admin-docs/manage-groups.html]
[www.miniorange.com/iam/content-library/admin-docs/license.html]
[www.miniorange.com/iam/content-library/admin-docs/branding-and-customization.html]
[www.miniorange.com/js/datasheet-popup.min2608.js]
[www.miniorange.com/iam/content-library/datasheets.html]
[www.miniorange.com/images/iam/customer-back.html]
[www.miniorange.com/iam/content-library/admin-docs/index-2.html]
[www.miniorange.com/iam/content-library/admin-docs/configure-app.html]
[www.miniorange.com/iam/content-library/admin-docs/how-to-add-saml-app.html]
[www.miniorange.com/iam/content-library/admin-docs/how-to-add-ws-fed-app.html]
[www.miniorange.com/iam/content-library/admin-docs/how-to-add-oauth-app.html]
[www.miniorange.com/iam/content-library/admin-docs/how-to-add-jwt-app.html]
[www.miniorange.com/iam/content-library/admin-docs/how-to-add-radius-app.html]
[www.miniorange.com/iam/content-library/admin-docs/how-to-add-desktop-app.html]
[www.miniorange.com/iam/content-library/admin-docs/how-to-add-browser-extension-app.html]
[www.miniorange.com/iam/content-library/admin-docs/how-to-add-passwordless-app.html]
[www.miniorange.com/iam/content-library/admin-docs/how-to-add-custom-app.html]
[www.miniorange.com/iam/content-library/admin-docs/configure-external-identity-providers.html]
[www.miniorange.com/iam/content-library/admin-docs/configure-external-directories.html]
[www.miniorange.com/iam/content-library/admin-docs/policies-overview.html]
[www.miniorange.com/iam/content-library/admin-docs/create-new-policy.html]
[www.miniorange.com/iam/content-library/admin-docs/edit-policy.html]
[www.miniorange.com/iam/content-library/admin-docs/how-to-assign-policy.html]
[www.miniorange.com/iam/content-library/admin-docs/restrict-apps-to-particular-users.html]
[www.miniorange.com/iam/content-library/admin-docs/delete-policy.html]
[www.miniorange.com/iam/content-library/admin-docs/customization-overview.html]
[www.miniorange.com/iam/content-library/admin-docs/enable-custom-domain.html]
[www.miniorange.com/iam/content-library/admin-docs/custom-email-gateway-configuration.html]
[www.miniorange.com/iam/content-library/admin-docs/custom-sms-gateway-configuration.html]
[www.miniorange.com/iam/content-library/admin-docs/otp-over-email-template.html]
[www.miniorange.com/iam/content-library/admin-docs/out-of-band-template.html]
[www.miniorange.com/iam/content-library/admin-docs/configure-multi-factor-authentication.html]
[www.miniorange.com/iam/content-library/admin-docs/configure-mfa-methods-for-admins.html]
[www.miniorange.com/iam/content-library/admin-docs/configure-mfa-methods-for-users.html]
[www.miniorange.com/iam/content-library/admin-docs/enable-mfa-for-self-service-console.html]
[www.miniorange.com/iam/content-library/admin-docs/configure-adaptive-authentication.html]
[www.miniorange.com/iam/content-library/admin-docs/setup-provisioning.html]
[www.miniorange.com/iam/content-library/admin-docs/manage-users.html]
[www.miniorange.com/iam/content-library/admin-docs/import-bulk-users.html]
[www.miniorange.com/iam/content-library/admin-docs/user-roles.html]
[www.miniorange.com/iam/content-library/admin-docs/user-profile-fields.html]
[www.miniorange.com/iam/content-library/admin-docs/view-locked-users.html]
[www.miniorange.com/iam/content-library/admin-docs/manage-shared-identity.html]
[www.miniorange.com/iam/content-library/smtp-gateways/index.html]
[www.miniorange.com/iam/content-library/admin-docs/group-custom-fields.html]
[www.miniorange.com/iam/content-library/admin-docs/group-membership-custom-fields.html]
[www.miniorange.com/iam/content-library/admin-docs/auto-assign-group-rules.html]
[www.miniorange.com/iam/content-library/admin-docs/idp-global-settings.html]
[www.miniorange.com/iam/content-library/admin-docs/enable-multi-language-support.html]
[www.miniorange.com/iam/content-library/admin-docs/customize-user-self-registration-page.html]
[www.miniorange.com/iam/content-library/admin-docs/reports.html]
[www.miniorange.com/iam/content-library/admin-docs/active-usage-report.html]
[www.miniorange.com/iam/content-library/admin-docs/sso-usage-report.html]
[www.miniorange.com/iam/content-library/admin-docs/user-login-report.html]
[www.miniorange.com/iam/content-library/admin-docs/radius-authentication-report.html]
[www.miniorange.com/iam/content-library/admin-docs/detailed-authentication-report.html]
[www.miniorange.com/iam/content-library/admin-docs/adaptive-authentication-report.html]
[www.miniorange.com/iam/content-library/admin-docs/user-devices-report.html]
[www.miniorange.com/iam/content-library/admin-docs/user-registration-report.html]
[www.miniorange.com/iam/content-library/admin-docs/provisioning-report.html]
[www.miniorange.com/iam/content-library/admin-docs/admin-activity-audit-report.html]
[www.miniorange.com/iam/content-library/admin-docs/license.html]
[cdnjs.cloudflare.com/ajax/libs/bootstrap-datepicker/1.9.0/js/bootstrap-datepicker.min.js]
[cdnjs.cloudflare.com/ajax/libs/moment.js/2.13.0/moment.min.js]
[cdnjs.cloudflare.com/ajax/libs/moment-timezone/0.5.3/moment-timezone-with-data.min.js]
[cdnjs.cloudflare.com/ajax/libs/bootstrap-datepicker/1.9.0/css/bootstrap-datepicker.min.css]
[www.miniorange.com/iam/content-library/smtp-gateways/index.html]
[www.miniorange.com/css/integration-page.minb127.css]
[cdnjs.cloudflare.com/ajax/libs/bootstrap-datepicker/1.9.0/css/bootstrap-datepicker.min.css]
[cdnjs.cloudflare.com/ajax/libs/bootstrap-datepicker/1.9.0/css/bootstrap-datepicker.standalone.min.css]
[cdnjs.cloudflare.com/ajax/libs/bootstrap-datepicker/1.9.0/css/bootstrap-datepicker.standalone.min.css]
